E:\PROYECTO FCT\CRUD ESCRITORIO\CrudEscritorio\src\main\java\modelo\dao\ProyectosDAO.java
E:\PROYECTO FCT\CRUD ESCRITORIO\CrudEscritorio\src\main\java\vista\MainView.java
E:\PROYECTO FCT\CRUD ESCRITORIO\CrudEscritorio\src\main\java\controlador\factory\MySQLDAOFactory.java
E:\PROYECTO FCT\CRUD ESCRITORIO\CrudEscritorio\src\main\java\modelo\dao\UsuariosDAO.java
E:\PROYECTO FCT\CRUD ESCRITORIO\CrudEscritorio\src\main\java\controlador\pool\BasicConnectionPool.java
E:\PROYECTO FCT\CRUD ESCRITORIO\CrudEscritorio\src\main\java\controlador\pool\ConnectionPool.java
E:\PROYECTO FCT\CRUD ESCRITORIO\CrudEscritorio\src\main\java\modelo\dao\Dao.java
E:\PROYECTO FCT\CRUD ESCRITORIO\CrudEscritorio\src\main\java\modelo\dao\TareasDAO.java
E:\PROYECTO FCT\CRUD ESCRITORIO\CrudEscritorio\src\main\java\vista\EditProjectView.java
E:\PROYECTO FCT\CRUD ESCRITORIO\CrudEscritorio\src\main\java\controlador\factory\DAOFactory.java
E:\PROYECTO FCT\CRUD ESCRITORIO\CrudEscritorio\src\main\java\ProyectoFCT.java
E:\PROYECTO FCT\CRUD ESCRITORIO\CrudEscritorio\src\main\java\vista\EditWorkView.java
E:\PROYECTO FCT\CRUD ESCRITORIO\CrudEscritorio\src\main\java\vista\EditUserView.java
E:\PROYECTO FCT\CRUD ESCRITORIO\CrudEscritorio\src\main\java\controlador\mainViewController.java
E:\PROYECTO FCT\CRUD ESCRITORIO\CrudEscritorio\src\main\java\modelo\vo\Tareas.java
E:\PROYECTO FCT\CRUD ESCRITORIO\CrudEscritorio\src\main\java\modelo\vo\Proyectos.java
E:\PROYECTO FCT\CRUD ESCRITORIO\CrudEscritorio\src\main\java\modelo\vo\Usuarios.java
